Archive member included to satisfy reference by file (symbol)

F:\Erasmo\Documents\UNI\SE\workspaceSE\stm32f4discovery_hal_lib\Debug\libstm32f4discovery_hal_lib.a(stm32f4xx_hal.o)
                              src/main.o (HAL_Init)
F:\Erasmo\Documents\UNI\SE\workspaceSE\stm32f4discovery_hal_lib\Debug\libstm32f4discovery_hal_lib.a(stm32f4xx_hal_cortex.o)
                              F:\Erasmo\Documents\UNI\SE\workspaceSE\stm32f4discovery_hal_lib\Debug\libstm32f4discovery_hal_lib.a(stm32f4xx_hal.o) (HAL_NVIC_SetPriorityGrouping)
F:\Erasmo\Documents\UNI\SE\workspaceSE\stm32f4discovery_hal_lib\Debug\libstm32f4discovery_hal_lib.a(stm32f4xx_hal_gpio.o)
                              src/main.o (HAL_GPIO_Init)
F:\Erasmo\Documents\UNI\SE\workspaceSE\stm32f4discovery_hal_lib\Debug\libstm32f4discovery_hal_lib.a(stm32f4_discovery.o)
                              src/main.o (BSP_LED_Init)
F:\Erasmo\Documents\UNI\SE\workspaceSE\stm32f4discovery_hal_lib\Debug\libstm32f4discovery_hal_lib.a(stm32f4xx_hal_i2c.o)
                              F:\Erasmo\Documents\UNI\SE\workspaceSE\stm32f4discovery_hal_lib\Debug\libstm32f4discovery_hal_lib.a(stm32f4_discovery.o) (HAL_I2C_Init)
F:\Erasmo\Documents\UNI\SE\workspaceSE\stm32f4discovery_hal_lib\Debug\libstm32f4discovery_hal_lib.a(stm32f4xx_hal_rcc.o)
                              F:\Erasmo\Documents\UNI\SE\workspaceSE\stm32f4discovery_hal_lib\Debug\libstm32f4discovery_hal_lib.a(stm32f4xx_hal_i2c.o) (HAL_RCC_GetPCLK1Freq)
F:\Erasmo\Documents\UNI\SE\workspaceSE\stm32f4discovery_hal_lib\Debug\libstm32f4discovery_hal_lib.a(stm32f4xx_hal_spi.o)
                              F:\Erasmo\Documents\UNI\SE\workspaceSE\stm32f4discovery_hal_lib\Debug\libstm32f4discovery_hal_lib.a(stm32f4_discovery.o) (HAL_SPI_Init)
F:\Erasmo\Documents\UNI\SE\workspaceSE\stm32f4discovery_hal_lib\Debug\libstm32f4discovery_hal_lib.a(stm32f4xx_hal_dma.o)
                              F:\Erasmo\Documents\UNI\SE\workspaceSE\stm32f4discovery_hal_lib\Debug\libstm32f4discovery_hal_lib.a(stm32f4xx_hal_i2c.o) (HAL_DMA_Start_IT)
c:/ac6/systemworkbench/plugins/fr.ac6.mcu.externaltools.arm-none.win32_1.13.1.201701261202/tools/compiler/bin/../lib/gcc/arm-none-eabi/5.4.1/../../../../arm-none-eabi/lib/armv7e-m/fpu\libc.a(lib_a-errno.o)
                              src/syscalls.o (__errno)
c:/ac6/systemworkbench/plugins/fr.ac6.mcu.externaltools.arm-none.win32_1.13.1.201701261202/tools/compiler/bin/../lib/gcc/arm-none-eabi/5.4.1/../../../../arm-none-eabi/lib/armv7e-m/fpu\libc.a(lib_a-exit.o)
                              c:/ac6/systemworkbench/plugins/fr.ac6.mcu.externaltools.arm-none.win32_1.13.1.201701261202/tools/compiler/bin/../lib/gcc/arm-none-eabi/5.4.1/../../../../arm-none-eabi/lib/armv7e-m/fpu/crt0.o (exit)
c:/ac6/systemworkbench/plugins/fr.ac6.mcu.externaltools.arm-none.win32_1.13.1.201701261202/tools/compiler/bin/../lib/gcc/arm-none-eabi/5.4.1/../../../../arm-none-eabi/lib/armv7e-m/fpu\libc.a(lib_a-impure.o)
                              c:/ac6/systemworkbench/plugins/fr.ac6.mcu.externaltools.arm-none.win32_1.13.1.201701261202/tools/compiler/bin/../lib/gcc/arm-none-eabi/5.4.1/../../../../arm-none-eabi/lib/armv7e-m/fpu\libc.a(lib_a-exit.o) (_global_impure_ptr)
c:/ac6/systemworkbench/plugins/fr.ac6.mcu.externaltools.arm-none.win32_1.13.1.201701261202/tools/compiler/bin/../lib/gcc/arm-none-eabi/5.4.1/../../../../arm-none-eabi/lib/armv7e-m/fpu\libc.a(lib_a-init.o)
                              c:/ac6/systemworkbench/plugins/fr.ac6.mcu.externaltools.arm-none.win32_1.13.1.201701261202/tools/compiler/bin/../lib/gcc/arm-none-eabi/5.4.1/../../../../arm-none-eabi/lib/armv7e-m/fpu/crt0.o (__libc_init_array)
c:/ac6/systemworkbench/plugins/fr.ac6.mcu.externaltools.arm-none.win32_1.13.1.201701261202/tools/compiler/bin/../lib/gcc/arm-none-eabi/5.4.1/../../../../arm-none-eabi/lib/armv7e-m/fpu\libc.a(lib_a-memset.o)
                              c:/ac6/systemworkbench/plugins/fr.ac6.mcu.externaltools.arm-none.win32_1.13.1.201701261202/tools/compiler/bin/../lib/gcc/arm-none-eabi/5.4.1/../../../../arm-none-eabi/lib/armv7e-m/fpu/crt0.o (memset)
c:/ac6/systemworkbench/plugins/fr.ac6.mcu.externaltools.arm-none.win32_1.13.1.201701261202/tools/compiler/bin/../lib/gcc/arm-none-eabi/5.4.1/../../../../arm-none-eabi/lib/armv7e-m/fpu\libc.a(lib_a-__call_atexit.o)
                              c:/ac6/systemworkbench/plugins/fr.ac6.mcu.externaltools.arm-none.win32_1.13.1.201701261202/tools/compiler/bin/../lib/gcc/arm-none-eabi/5.4.1/../../../../arm-none-eabi/lib/armv7e-m/fpu\libc.a(lib_a-exit.o) (__call_exitprocs)
c:/ac6/systemworkbench/plugins/fr.ac6.mcu.externaltools.arm-none.win32_1.13.1.201701261202/tools/compiler/bin/../lib/gcc/arm-none-eabi/5.4.1/../../../../arm-none-eabi/lib/armv7e-m/fpu\libc.a(lib_a-atexit.o)
[...]
Memory Configuration

Name             Origin             Length             Attributes
FLASH            0x08000000         0x00100000         xr
RAM              0x20000000         0x00030000         xrw
MEMORY_B1        0x60000000         0x00000000         xr
*default*        0x00000000         0xffffffff

Linker script and memory map

LOAD c:/ac6/systemworkbench/plugins/fr.ac6.mcu.externaltools.arm-none.win32_1.13.1.201701261202/tools/compiler/bin/../lib/gcc/arm-none-eabi/5.4.1/armv7e-m/fpu/crti.o
LOAD c:/ac6/systemworkbench/plugins/fr.ac6.mcu.externaltools.arm-none.win32_1.13.1.201701261202/tools/compiler/bin/../lib/gcc/arm-none-eabi/5.4.1/armv7e-m/fpu/crtbegin.o
LOAD c:/ac6/systemworkbench/plugins/fr.ac6.mcu.externaltools.arm-none.win32_1.13.1.201701261202/tools/compiler/bin/../lib/gcc/arm-none-eabi/5.4.1/../../../../arm-none-eabi/lib/armv7e-m/fpu/crt0.o
LOAD c:/ac6/systemworkbench/plugins/fr.ac6.mcu.externaltools.arm-none.win32_1.13.1.201701261202/tools/compiler/bin/../lib/gcc/arm-none-eabi/5.4.1/../../../../arm-none-eabi/lib/armv7e-m/fpu\libm.a
LOAD src/main.o
LOAD src/stm32f4xx_it.o
LOAD src/syscalls.o
LOAD src/system_stm32f4xx.o
LOAD startup/startup_stm32f407xx.o
LOAD F:\Erasmo\Documents\UNI\SE\workspaceSE\stm32f4discovery_hal_lib\Debug\libstm32f4discovery_hal_lib.a
START GROUP
LOAD c:/ac6/systemworkbench/plugins/fr.ac6.mcu.externaltools.arm-none.win32_1.13.1.201701261202/tools/compiler/bin/../lib/gcc/arm-none-eabi/5.4.1/armv7e-m/fpu\libgcc.a
LOAD c:/ac6/systemworkbench/plugins/fr.ac6.mcu.externaltools.arm-none.win32_1.13.1.201701261202/tools/compiler/bin/../lib/gcc/arm-none-eabi/5.4.1/../../../../arm-none-eabi/lib/armv7e-m/fpu\libc.a
END GROUP
LOAD c:/ac6/systemworkbench/plugins/fr.ac6.mcu.externaltools.arm-none.win32_1.13.1.201701261202/tools/compiler/bin/../lib/gcc/arm-none-eabi/5.4.1/armv7e-m/fpu/crtend.o
LOAD c:/ac6/systemworkbench/plugins/fr.ac6.mcu.externaltools.arm-none.win32_1.13.1.201701261202/tools/compiler/bin/../lib/gcc/arm-none-eabi/5.4.1/armv7e-m/fpu/crtn.o
                0x20020000                _estack = 0x20020000
                0x00000000                _Min_Heap_Size = 0x0
                0x00000400                _Min_Stack_Size = 0x400

.isr_vector     0x08000000      0x188
                0x08000000                . = ALIGN (0x4)
 *(.isr_vector)
 .isr_vector    0x08000000      0x188 startup/startup_stm32f407xx.o
                0x08000000                g_pfnVectors
                0x08000188                . = ALIGN (0x4)

.text           0x08000188      0xc88
                0x08000188                . = ALIGN (0x4)
 *(.text)
 .text          0x08000188       0x5c c:/ac6/systemworkbench/plugins/fr.ac6.mcu.externaltools.arm-none.win32_1.13.1.201701261202/tools/compiler/bin/../lib/gcc/arm-none-eabi/5.4.1/armv7e-m/fpu/crtbegin.o
 *(.text*)
 .text.NVIC_ClearPendingIRQ
                0x080001e4       0x34 src/main.o
 .text.EXTI0_IRQHandler
                0x08000218       0x1c src/main.o
                0x08000218                EXTI0_IRQHandler
 .text.EXTI1_IRQHandler
                0x08000234       0x1c src/main.o
                0x08000234                EXTI1_IRQHandler
 .text.EXTI2_IRQHandler
                0x08000250       0x1c src/main.o
                0x08000250                EXTI2_IRQHandler
 .text.main     0x0800026c       0x10 src/main.o
                0x0800026c                main
 .text.loop     0x0800027c       0x18 src/main.o
                0x0800027c                loop
 .text.setup    0x08000294       0x88 src/main.o
                0x08000294                setup
 .text.SysTick_Handler
                0x0800031c       0x10 src/stm32f4xx_it.o
                0x0800031c                SysTick_Handler
 .text.SystemInit
                0x0800032c       0x6c src/system_stm32f4xx.o
                0x0800032c                SystemInit
 .text.Reset_Handler
                0x08000398       0x50 startup/startup_stm32f407xx.o
                0x08000398                Reset_Handler
 .text.Default_Handler
                0x080003e8        0x2 startup/startup_stm32f407xx.o
                0x080003e8                RTC_Alarm_IRQHandler
                0x080003e8                HASH_RNG_IRQHandler
                0x080003e8                TIM8_CC_IRQHandler
                0x080003e8                DebugMon_Handler
                0x080003e8                TIM1_CC_IRQHandler
                0x080003e8                DMA2_Stream5_IRQHandler
                0x080003e8                HardFault_Handler
                0x080003e8                DMA1_Stream5_IRQHandler
                0x080003e8                PVD_IRQHandler
                0x080003e8                SDIO_IRQHandler
                0x080003e8                TAMP_STAMP_IRQHandler
                0x080003e8                PendSV_Handler
                0x080003e8                NMI_Handler
                0x080003e8                CAN2_RX1_IRQHandler
                0x080003e8                EXTI3_IRQHandler
                0x080003e8                TIM8_TRG_COM_TIM14_IRQHandler
                0x080003e8                TIM1_UP_TIM10_IRQHandler
                0x080003e8                TIM8_UP_TIM13_IRQHandler
                0x080003e8                I2C3_ER_IRQHandler
                0x080003e8                I2C2_EV_IRQHandler
                0x080003e8                DMA1_Stream2_IRQHandler
                0x080003e8                CAN1_RX0_IRQHandler
                0x080003e8                FPU_IRQHandler
                0x080003e8                OTG_HS_WKUP_IRQHandler
                0x080003e8                UsageFault_Handler
                0x080003e8                CAN2_SCE_IRQHandler
                0x080003e8                DMA2_Stream2_IRQHandler
                0x080003e8                SPI1_IRQHandler
                0x080003e8                TIM6_DAC_IRQHandler
                0x080003e8                TIM1_BRK_TIM9_IRQHandler
                0x080003e8                DCMI_IRQHandler
                0x080003e8                CAN2_RX0_IRQHandler
                0x080003e8                DMA2_Stream3_IRQHandler
                0x080003e8                USART6_IRQHandler
                0x080003e8                USART3_IRQHandler
                0x080003e8                CAN1_RX1_IRQHandler
                0x080003e8                UART5_IRQHandler
                0x080003e8                DMA2_Stream0_IRQHandler
                0x080003e8                TIM4_IRQHandler
                0x080003e8                I2C1_EV_IRQHandler
                0x080003e8                DMA1_Stream6_IRQHandler
                0x080003e8                DMA1_Stream1_IRQHandler
                0x080003e8                UART4_IRQHandler
                0x080003e8                TIM3_IRQHandler
                0x080003e8                RCC_IRQHandler
                0x080003e8                TIM8_BRK_TIM12_IRQHandler
                0x080003e8                Default_Handler
                0x080003e8                EXTI15_10_IRQHandler
                0x080003e8                ADC_IRQHandler
                0x080003e8                DMA1_Stream7_IRQHandler
                0x080003e8                TIM7_IRQHandler
                0x080003e8                CAN2_TX_IRQHandler
                0x080003e8                TIM5_IRQHandler
                0x080003e8                DMA2_Stream7_IRQHandler
                0x080003e8                I2C3_EV_IRQHandler
                0x080003e8                EXTI9_5_IRQHandler
                0x080003e8                RTC_WKUP_IRQHandler
                0x080003e8                ETH_WKUP_IRQHandler
                0x080003e8                SPI2_IRQHandler
                0x080003e8                OTG_HS_EP1_IN_IRQHandler
                0x080003e8                MemManage_Handler
                0x080003e8                DMA1_Stream0_IRQHandler
                0x080003e8                CAN1_TX_IRQHandler
                0x080003e8                SVC_Handler
                0x080003e8                EXTI4_IRQHandler
                0x080003e8                FSMC_IRQHandler
                0x080003e8                ETH_IRQHandler
                0x080003e8                OTG_HS_EP1_OUT_IRQHandler
                0x080003e8                WWDG_IRQHandler
                0x080003e8                TIM2_IRQHandler
                0x080003e8                OTG_FS_WKUP_IRQHandler
                0x080003e8                TIM1_TRG_COM_TIM11_IRQHandler
                0x080003e8                OTG_HS_IRQHandler
                0x080003e8                USART2_IRQHandler
                0x080003e8                I2C2_ER_IRQHandler
                0x080003e8                DMA2_Stream1_IRQHandler
                0x080003e8                CAN1_SCE_IRQHandler
                0x080003e8                FLASH_IRQHandler
                0x080003e8                DMA2_Stream4_IRQHandler
                0x080003e8                BusFault_Handler
                0x080003e8                USART1_IRQHandler
                0x080003e8                OTG_FS_IRQHandler
                0x080003e8                SPI3_IRQHandler
                0x080003e8                DMA1_Stream4_IRQHandler
                0x080003e8                I2C1_ER_IRQHandler
                0x080003e8                DMA2_Stream6_IRQHandler
                0x080003e8                DMA1_Stream3_IRQHandler
 *fill*         0x080003ea        0x2 
 .text.HAL_Init
                0x080003ec       0x38 F:\Erasmo\Documents\UNI\SE\workspaceSE\stm32f4discovery_hal_lib\Debug\libstm32f4discovery_hal_lib.a(stm32f4xx_hal.o)
                0x080003ec                HAL_Init
 .text.HAL_MspInit
                0x08000424       0x10 F:\Erasmo\Documents\UNI\SE\workspaceSE\stm32f4discovery_hal_lib\Debug\libstm32f4discovery_hal_lib.a(stm32f4xx_hal.o)
                0x08000424                HAL_MspInit
 .text.HAL_InitTick
                0x08000434       0x38 F:\Erasmo\Documents\UNI\SE\workspaceSE\stm32f4discovery_hal_lib\Debug\libstm32f4discovery_hal_lib.a(stm32f4xx_hal.o)
                0x08000434                HAL_InitTick
 .text.HAL_IncTick
                0x0800046c       0x1c F:\Erasmo\Documents\UNI\SE\workspaceSE\stm32f4discovery_hal_lib\Debug\libstm32f4discovery_hal_lib.a(stm32f4xx_hal.o)
                0x0800046c                HAL_IncTick
 .text.HAL_GetTick
                0x08000488       0x18 F:\Erasmo\Documents\UNI\SE\workspaceSE\stm32f4discovery_hal_lib\Debug\libstm32f4discovery_hal_lib.a(stm32f4xx_hal.o)
                0x08000488                HAL_GetTick
 .text.HAL_Delay
                0x080004a0       0x2c F:\Erasmo\Documents\UNI\SE\workspaceSE\stm32f4discovery_hal_lib\Debug\libstm32f4discovery_hal_lib.a(stm32f4xx_hal.o)
                0x080004a0                HAL_Delay
 .text.NVIC_SetPriorityGrouping
                0x080004cc       0x48 F:\Erasmo\Documents\UNI\SE\workspaceSE\stm32f4discovery_hal_lib\Debug\libstm32f4discovery_hal_lib.a(stm32f4xx_hal_cortex.o)
 .text.NVIC_GetPriorityGrouping
                0x08000514       0x1c F:\Erasmo\Documents\UNI\SE\workspaceSE\stm32f4discovery_hal_lib\Debug\libstm32f4discovery_hal_lib.a(stm32f4xx_hal_cortex.o)
 .text.NVIC_EnableIRQ
                0x08000530       0x34 F:\Erasmo\Documents\UNI\SE\workspaceSE\stm32f4discovery_hal_lib\Debug\libstm32f4discovery_hal_lib.a(stm32f4xx_hal_cortex.o)
 .text.NVIC_SetPriority
                0x08000564       0x54 F:\Erasmo\Documents\UNI\SE\workspaceSE\stm32f4discovery_hal_lib\Debug\libstm32f4discovery_hal_lib.a(stm32f4xx_hal_cortex.o)
 .text.NVIC_EncodePriority
                0x080005b8       0x64 F:\Erasmo\Documents\UNI\SE\workspaceSE\stm32f4discovery_hal_lib\Debug\libstm32f4discovery_hal_lib.a(stm32f4xx_hal_cortex.o)
 .text.SysTick_Config
                0x0800061c       0x44 F:\Erasmo\Documents\UNI\SE\workspaceSE\stm32f4discovery_hal_lib\Debug\libstm32f4discovery_hal_lib.a(stm32f4xx_hal_cortex.o)
 .text.HAL_NVIC_SetPriorityGrouping
                0x08000660       0x18 F:\Erasmo\Documents\UNI\SE\workspaceSE\stm32f4discovery_hal_lib\Debug\libstm32f4discovery_hal_lib.a(stm32f4xx_hal_cortex.o)
                0x08000660                HAL_NVIC_SetPriorityGrouping
 .text.HAL_NVIC_SetPriority
                0x08000678       0x38 F:\Erasmo\Documents\UNI\SE\workspaceSE\stm32f4discovery_hal_lib\Debug\libstm32f4discovery_hal_lib.a(stm32f4xx_hal_cortex.o)
                0x08000678                HAL_NVIC_SetPriority
 .text.HAL_NVIC_EnableIRQ
                0x080006b0       0x1c F:\Erasmo\Documents\UNI\SE\workspaceSE\stm32f4discovery_hal_lib\Debug\libstm32f4discovery_hal_lib.a(stm32f4xx_hal_cortex.o)
                0x080006b0                HAL_NVIC_EnableIRQ
 .text.HAL_SYSTICK_Config
                0x080006cc       0x18 F:\Erasmo\Documents\UNI\SE\workspaceSE\stm32f4discovery_hal_lib\Debug\libstm32f4discovery_hal_lib.a(stm32f4xx_hal_cortex.o)
                0x080006cc                HAL_SYSTICK_Config
 .text.HAL_SYSTICK_IRQHandler
                0x080006e4        0xc F:\Erasmo\Documents\UNI\SE\workspaceSE\stm32f4discovery_hal_lib\Debug\libstm32f4discovery_hal_lib.a(stm32f4xx_hal_cortex.o)
                0x080006e4                HAL_SYSTICK_IRQHandler
 .text.HAL_SYSTICK_Callback
                0x080006f0       0x10 F:\Erasmo\Documents\UNI\SE\workspaceSE\stm32f4discovery_hal_lib\Debug\libstm32f4discovery_hal_lib.a(stm32f4xx_hal_cortex.o)
                0x080006f0                HAL_SYSTICK_Callback
 .text.HAL_GPIO_Init
                0x08000700      0x334 F:\Erasmo\Documents\UNI\SE\workspaceSE\stm32f4discovery_hal_lib\Debug\libstm32f4discovery_hal_lib.a(stm32f4xx_hal_gpio.o)
                0x08000700                HAL_GPIO_Init
 .text.HAL_GPIO_WritePin
                0x08000a34       0x34 F:\Erasmo\Documents\UNI\SE\workspaceSE\stm32f4discovery_hal_lib\Debug\libstm32f4discovery_hal_lib.a(stm32f4xx_hal_gpio.o)
                0x08000a34                HAL_GPIO_WritePin
 .text.HAL_GPIO_TogglePin
                0x08000a68       0x24 F:\Erasmo\Documents\UNI\SE\workspaceSE\stm32f4discovery_hal_lib\Debug\libstm32f4discovery_hal_lib.a(stm32f4xx_hal_gpio.o)
                0x08000a68                HAL_GPIO_TogglePin
 .text.HAL_GPIO_EXTI_IRQHandler
                0x08000a8c       0x30 F:\Erasmo\Documents\UNI\SE\workspaceSE\stm32f4discovery_hal_lib\Debug\libstm32f4discovery_hal_lib.a(stm32f4xx_hal_gpio.o)
                0x08000a8c                HAL_GPIO_EXTI_IRQHandler
 .text.HAL_GPIO_EXTI_Callback
                0x08000abc       0x18 F:\Erasmo\Documents\UNI\SE\workspaceSE\stm32f4discovery_hal_lib\Debug\libstm32f4discovery_hal_lib.a(stm32f4xx_hal_gpio.o)
                0x08000abc                HAL_GPIO_EXTI_Callback
 .text.BSP_LED_Init
                0x08000ad4       0xf0 F:\Erasmo\Documents\UNI\SE\workspaceSE\stm32f4discovery_hal_lib\Debug\libstm32f4discovery_hal_lib.a(stm32f4_discovery.o)
                0x08000ad4                BSP_LED_Init
 .text.BSP_LED_Toggle
                0x08000bc4       0x30 F:\Erasmo\Documents\UNI\SE\workspaceSE\stm32f4discovery_hal_lib\Debug\libstm32f4discovery_hal_lib.a(stm32f4_discovery.o)
                0x08000bc4                BSP_LED_Toggle
 .text.BSP_PB_Init
                0x08000bf4       0xb4 F:\Erasmo\Documents\UNI\SE\workspaceSE\stm32f4discovery_hal_lib\Debug\libstm32f4discovery_hal_lib.a(stm32f4_discovery.o)
                0x08000bf4                BSP_PB_Init
 .text.__libc_init_array
                0x08000ca8       0x50 c:/ac6/systemworkbench/plugins/fr.ac6.mcu.externaltools.arm-none.win32_1.13.1.201701261202/tools/compiler/bin/../lib/gcc/arm-none-eabi/5.4.1/../../../../arm-none-eabi/lib/armv7e-m/fpu\libc.a(lib_a-init.o)
                0x08000ca8                __libc_init_array
 .text.startup.register_fini
                0x08000cf8       0x14 c:/ac6/systemworkbench/plugins/fr.ac6.mcu.externaltools.arm-none.win32_1.13.1.201701261202/tools/compiler/bin/../lib/gcc/arm-none-eabi/5.4.1/../../../../arm-none-eabi/lib/armv7e-m/fpu\libc.a(lib_a-__call_atexit.o)
 .text.atexit   0x08000d0c        0xc c:/ac6/systemworkbench/plugins/fr.ac6.mcu.externaltools.arm-none.win32_1.13.1.201701261202/tools/compiler/bin/../lib/gcc/arm-none-eabi/5.4.1/../../../../arm-none-eabi/lib/armv7e-m/fpu\libc.a(lib_a-atexit.o)
                0x08000d0c                atexit
 .text.__libc_fini_array
                0x08000d18       0x28 c:/ac6/systemworkbench/plugins/fr.ac6.mcu.externaltools.arm-none.win32_1.13.1.201701261202/tools/compiler/bin/../lib/gcc/arm-none-eabi/5.4.1/../../../../arm-none-eabi/lib/armv7e-m/fpu\libc.a(lib_a-fini.o)
                0x08000d18                __libc_fini_array
 .text.__register_exitproc
                0x08000d40       0xa4 c:/ac6/systemworkbench/plugins/fr.ac6.mcu.externaltools.arm-none.win32_1.13.1.201701261202/tools/compiler/bin/../lib/gcc/arm-none-eabi/5.4.1/../../../../arm-none-eabi/lib/armv7e-m/fpu\libc.a(lib_a-__atexit.o)
                0x08000d40                __register_exitproc
 *(.rodata)
 .rodata        0x08000de4        0xd F:\Erasmo\Documents\UNI\SE\workspaceSE\stm32f4discovery_hal_lib\Debug\libstm32f4discovery_hal_lib.a(stm32f4_discovery.o)
                0x08000de4                GPIO_PIN
                0x08000dec                BUTTON_PIN
                0x08000df0                BUTTON_IRQn
 *(.rodata*)
 *fill*         0x08000df1        0x3 
 .rodata._global_impure_ptr
                0x08000df4        0x4 c:/ac6/systemworkbench/plugins/fr.ac6.mcu.externaltools.arm-none.win32_1.13.1.201701261202/tools/compiler/bin/../lib/gcc/arm-none-eabi/5.4.1/../../../../arm-none-eabi/lib/armv7e-m/fpu\libc.a(lib_a-impure.o)
                0x08000df4                _global_impure_ptr
 *(.glue_7)
 .glue_7        0x08000df8        0x0 linker stubs
 *(.glue_7t)
 .glue_7t       0x08000df8        0x0 linker stubs
 *(.eh_frame)
 .eh_frame      0x08000df8        0x0 c:/ac6/systemworkbench/plugins/fr.ac6.mcu.externaltools.arm-none.win32_1.13.1.201701261202/tools/compiler/bin/../lib/gcc/arm-none-eabi/5.4.1/armv7e-m/fpu/crtbegin.o
 *(.init)
 .init          0x08000df8        0x4 c:/ac6/systemworkbench/plugins/fr.ac6.mcu.externaltools.arm-none.win32_1.13.1.201701261202/tools/compiler/bin/../lib/gcc/arm-none-eabi/5.4.1/armv7e-m/fpu/crti.o
                0x08000df8                _init
 .init          0x08000dfc        0x8 c:/ac6/systemworkbench/plugins/fr.ac6.mcu.externaltools.arm-none.win32_1.13.1.201701261202/tools/compiler/bin/../lib/gcc/arm-none-eabi/5.4.1/armv7e-m/fpu/crtn.o
 *(.fini)
 .fini          0x08000e04        0x4 c:/ac6/systemworkbench/plugins/fr.ac6.mcu.externaltools.arm-none.win32_1.13.1.201701261202/tools/compiler/bin/../lib/gcc/arm-none-eabi/5.4.1/armv7e-m/fpu/crti.o
                0x08000e04                _fini
 .fini          0x08000e08        0x8 c:/ac6/systemworkbench/plugins/fr.ac6.mcu.externaltools.arm-none.win32_1.13.1.201701261202/tools/compiler/bin/../lib/gcc/arm-none-eabi/5.4.1/armv7e-m/fpu/crtn.o
                0x08000e10                . = ALIGN (0x4)
                0x08000e10                _etext = .

.vfp11_veneer   0x08000e10        0x0
 .vfp11_veneer  0x08000e10        0x0 linker stubs

.v4_bx          0x08000e10        0x0
 .v4_bx         0x08000e10        0x0 linker stubs

.iplt           0x08000e10        0x0
 .iplt          0x08000e10        0x0 c:/ac6/systemworkbench/plugins/fr.ac6.mcu.externaltools.arm-none.win32_1.13.1.201701261202/tools/compiler/bin/../lib/gcc/arm-none-eabi/5.4.1/armv7e-m/fpu/crtbegin.o

.rel.dyn        0x08000e10        0x0
 .rel.iplt      0x08000e10        0x0 c:/ac6/systemworkbench/plugins/fr.ac6.mcu.externaltools.arm-none.win32_1.13.1.201701261202/tools/compiler/bin/../lib/gcc/arm-none-eabi/5.4.1/armv7e-m/fpu/crtbegin.o

.ARM.extab
 *(.ARM.extab* .gnu.linkonce.armextab.*)

.ARM            0x08000e10        0x0
                0x08000e10                __exidx_start = .
 *(.ARM.exidx*)
                0x08000e10                __exidx_end = .

.preinit_array  0x08000e10        0x0
                0x08000e10                PROVIDE (__preinit_array_start, .)
 *(.preinit_array*)
                0x08000e10                PROVIDE (__preinit_array_end, .)

.init_array     0x08000e10        0x8
                0x08000e10                PROVIDE (__init_array_start, .)
 *(SORT(.init_array.*))
 .init_array.00000
                0x08000e10        0x4 c:/ac6/systemworkbench/plugins/fr.ac6.mcu.externaltools.arm-none.win32_1.13.1.201701261202/tools/compiler/bin/../lib/gcc/arm-none-eabi/5.4.1/../../../../arm-none-eabi/lib/armv7e-m/fpu\libc.a(lib_a-__call_atexit.o)
 *(.init_array*)
 .init_array    0x08000e14        0x4 c:/ac6/systemworkbench/plugins/fr.ac6.mcu.externaltools.arm-none.win32_1.13.1.201701261202/tools/compiler/bin/../lib/gcc/arm-none-eabi/5.4.1/armv7e-m/fpu/crtbegin.o
                0x08000e18                PROVIDE (__init_array_end, .)

.fini_array     0x08000e18        0x4
                0x08000e18                PROVIDE (__fini_array_start, .)
 *(.fini_array*)
 .fini_array    0x08000e18        0x4 c:/ac6/systemworkbench/plugins/fr.ac6.mcu.externaltools.arm-none.win32_1.13.1.201701261202/tools/compiler/bin/../lib/gcc/arm-none-eabi/5.4.1/armv7e-m/fpu/crtbegin.o
 *(SORT(.fini_array.*))
                0x08000e1c                PROVIDE (__fini_array_end, .)
                0x08000e1c                _sidata = .

.data           0x20000000      0x448 load address 0x08000e1c
                0x20000000                . = ALIGN (0x4)
                0x20000000                _sdata = .
 *(.data)
 .data          0x20000000        0x4 src/system_stm32f4xx.o
                0x20000000                SystemCoreClock
 .data          0x20000004       0x1c F:\Erasmo\Documents\UNI\SE\workspaceSE\stm32f4discovery_hal_lib\Debug\libstm32f4discovery_hal_lib.a(stm32f4_discovery.o)
                0x20000004                GPIO_PORT
                0x20000014                BUTTON_PORT
                0x20000018                I2cxTimeout
                0x2000001c                SpixTimeout
 *(.data*)
 .data.impure_data
                0x20000020      0x428 c:/ac6/systemworkbench/plugins/fr.ac6.mcu.externaltools.arm-none.win32_1.13.1.201701261202/tools/compiler/bin/../lib/gcc/arm-none-eabi/5.4.1/../../../../arm-none-eabi/lib/armv7e-m/fpu\libc.a(lib_a-impure.o)
                0x20000448                . = ALIGN (0x4)
                0x20000448                _edata = .

.jcr            0x20000448        0x0 load address 0x08001264
 .jcr           0x20000448        0x0 c:/ac6/systemworkbench/plugins/fr.ac6.mcu.externaltools.arm-none.win32_1.13.1.201701261202/tools/compiler/bin/../lib/gcc/arm-none-eabi/5.4.1/armv7e-m/fpu/crtbegin.o

.igot.plt       0x20000448        0x0 load address 0x08001264
 .igot.plt      0x20000448        0x0 c:/ac6/systemworkbench/plugins/fr.ac6.mcu.externaltools.arm-none.win32_1.13.1.201701261202/tools/compiler/bin/../lib/gcc/arm-none-eabi/5.4.1/armv7e-m/fpu/crtbegin.o
                0x20000448                . = ALIGN (0x4)

.bss            0x20000448       0x20 load address 0x08001264
                0x20000448                _sbss = .
                0x20000448                __bss_start__ = _sbss
 *(.bss)
 .bss           0x20000448       0x1c c:/ac6/systemworkbench/plugins/fr.ac6.mcu.externaltools.arm-none.win32_1.13.1.201701261202/tools/compiler/bin/../lib/gcc/arm-none-eabi/5.4.1/armv7e-m/fpu/crtbegin.o
 *(.bss*)
 *(COMMON)
 COMMON         0x20000464        0x4 F:\Erasmo\Documents\UNI\SE\workspaceSE\stm32f4discovery_hal_lib\Debug\libstm32f4discovery_hal_lib.a(stm32f4xx_hal.o)
                0x20000464                uwTick
                0x20000468                . = ALIGN (0x4)
                0x20000468                _ebss = .
                0x20000468                __bss_end__ = _ebss

._user_heap_stack
                0x20000468      0x400 load address 0x08001284
                0x20000468                . = ALIGN (0x8)
                0x20000468                PROVIDE (end, .)
                [!provide]                PROVIDE (_end, .)
                0x20000468                . = (. + _Min_Heap_Size)
                0x20000868                . = (. + _Min_Stack_Size)
 *fill*         0x20000468      0x400 
                0x20000868                . = ALIGN (0x8)

.memory_b1_text
 *(.mb1text)
 *(.mb1text*)
 *(.mb1rodata)
 *(.mb1rodata*)

/DISCARD/
 libc.a(*)
 libm.a(*)
 libgcc.a(*)

.ARM.attributes
                0x00000000       0x30
 *(.ARM.attributes)
 .ARM.attributes
                0x00000000       0x22 c:/ac6/systemworkbench/plugins/fr.ac6.mcu.externaltools.arm-none.win32_1.13.1.201701261202/tools/compiler/bin/../lib/gcc/arm-none-eabi/5.4.1/armv7e-m/fpu/crti.o
 .ARM.attributes
                0x00000022       0x34 c:/ac6/systemworkbench/plugins/fr.ac6.mcu.externaltools.arm-none.win32_1.13.1.201701261202/tools/compiler/bin/../lib/gcc/arm-none-eabi/5.4.1/armv7e-m/fpu/crtbegin.o
 .ARM.attributes
                0x00000056       0x39 src/main.o
 .ARM.attributes
                0x0000008f       0x39 src/stm32f4xx_it.o
 .ARM.attributes
                0x000000c8       0x39 src/system_stm32f4xx.o
 .ARM.attributes
                0x00000101       0x21 startup/startup_stm32f407xx.o
 .ARM.attributes
                0x00000122       0x39 F:\Erasmo\Documents\UNI\SE\workspaceSE\stm32f4discovery_hal_lib\Debug\libstm32f4discovery_hal_lib.a(stm32f4xx_hal.o)
 .ARM.attributes
                0x0000015b       0x39 F:\Erasmo\Documents\UNI\SE\workspaceSE\stm32f4discovery_hal_lib\Debug\libstm32f4discovery_hal_lib.a(stm32f4xx_hal_cortex.o)
 .ARM.attributes
                0x00000194       0x39 F:\Erasmo\Documents\UNI\SE\workspaceSE\stm32f4discovery_hal_lib\Debug\libstm32f4discovery_hal_lib.a(stm32f4xx_hal_gpio.o)
 .ARM.attributes
                0x000001cd       0x39 F:\Erasmo\Documents\UNI\SE\workspaceSE\stm32f4discovery_hal_lib\Debug\libstm32f4discovery_hal_lib.a(stm32f4_discovery.o)
 .ARM.attributes
                0x00000206       0x34 c:/ac6/systemworkbench/plugins/fr.ac6.mcu.externaltools.arm-none.win32_1.13.1.201701261202/tools/compiler/bin/../lib/gcc/arm-none-eabi/5.4.1/../../../../arm-none-eabi/lib/armv7e-m/fpu\libc.a(lib_a-impure.o)
 .ARM.attributes
                0x0000023a       0x34 c:/ac6/systemworkbench/plugins/fr.ac6.mcu.externaltools.arm-none.win32_1.13.1.201701261202/tools/compiler/bin/../lib/gcc/arm-none-eabi/5.4.1/../../../../arm-none-eabi/lib/armv7e-m/fpu\libc.a(lib_a-init.o)
 .ARM.attributes
                0x0000026e       0x34 c:/ac6/systemworkbench/plugins/fr.ac6.mcu.externaltools.arm-none.win32_1.13.1.201701261202/tools/compiler/bin/../lib/gcc/arm-none-eabi/5.4.1/../../../../arm-none-eabi/lib/armv7e-m/fpu\libc.a(lib_a-__call_atexit.o)
 .ARM.attributes
                0x000002a2       0x34 c:/ac6/systemworkbench/plugins/fr.ac6.mcu.externaltools.arm-none.win32_1.13.1.201701261202/tools/compiler/bin/../lib/gcc/arm-none-eabi/5.4.1/../../../../arm-none-eabi/lib/armv7e-m/fpu\libc.a(lib_a-atexit.o)
 .ARM.attributes
                0x000002d6       0x34 c:/ac6/systemworkbench/plugins/fr.ac6.mcu.externaltools.arm-none.win32_1.13.1.201701261202/tools/compiler/bin/../lib/gcc/arm-none-eabi/5.4.1/../../../../arm-none-eabi/lib/armv7e-m/fpu\libc.a(lib_a-fini.o)
 .ARM.attributes
                0x0000030a       0x34 c:/ac6/systemworkbench/plugins/fr.ac6.mcu.externaltools.arm-none.win32_1.13.1.201701261202/tools/compiler/bin/../lib/gcc/arm-none-eabi/5.4.1/../../../../arm-none-eabi/lib/armv7e-m/fpu\libc.a(lib_a-__atexit.o)
 .ARM.attributes
                0x0000033e       0x22 c:/ac6/systemworkbench/plugins/fr.ac6.mcu.externaltools.arm-none.win32_1.13.1.201701261202/tools/compiler/bin/../lib/gcc/arm-none-eabi/5.4.1/armv7e-m/fpu/crtn.o
OUTPUT(ER_Interrupt_BARE.elf elf32-littlearm)

.debug_info     0x00000000     0x3ce2
 .debug_info    0x00000000      0x63b src/main.o
 .debug_info    0x0000063b       0xbd src/stm32f4xx_it.o
 .debug_info    0x000006f8      0x4d5 src/system_stm32f4xx.o
 .debug_info    0x00000bcd       0x84 startup/startup_stm32f407xx.o
 .debug_info    0x00000c51      0x84e F:\Erasmo\Documents\UNI\SE\workspaceSE\stm32f4discovery_hal_lib\Debug\libstm32f4discovery_hal_lib.a(stm32f4xx_hal.o)
 .debug_info    0x0000149f      0xd1a F:\Erasmo\Documents\UNI\SE\workspaceSE\stm32f4discovery_hal_lib\Debug\libstm32f4discovery_hal_lib.a(stm32f4xx_hal_cortex.o)
 .debug_info    0x000021b9      0x71f F:\Erasmo\Documents\UNI\SE\workspaceSE\stm32f4discovery_hal_lib\Debug\libstm32f4discovery_hal_lib.a(stm32f4xx_hal_gpio.o)
 .debug_info    0x000028d8     0x140a F:\Erasmo\Documents\UNI\SE\workspaceSE\stm32f4discovery_hal_lib\Debug\libstm32f4discovery_hal_lib.a(stm32f4_discovery.o)

.debug_abbrev   0x00000000      0xc0b
 .debug_abbrev  0x00000000      0x19a src/main.o
 .debug_abbrev  0x0000019a       0x6a src/stm32f4xx_it.o
 .debug_abbrev  0x00000204      0x104 src/system_stm32f4xx.o
 .debug_abbrev  0x00000308       0x12 startup/startup_stm32f407xx.o
 .debug_abbrev  0x0000031a      0x20f F:\Erasmo\Documents\UNI\SE\workspaceSE\stm32f4discovery_hal_lib\Debug\libstm32f4discovery_hal_lib.a(stm32f4xx_hal.o)
 .debug_abbrev  0x00000529      0x2cc F:\Erasmo\Documents\UNI\SE\workspaceSE\stm32f4discovery_hal_lib\Debug\libstm32f4discovery_hal_lib.a(stm32f4xx_hal_cortex.o)
 .debug_abbrev  0x000007f5      0x1af F:\Erasmo\Documents\UNI\SE\workspaceSE\stm32f4discovery_hal_lib\Debug\libstm32f4discovery_hal_lib.a(stm32f4xx_hal_gpio.o)
 .debug_abbrev  0x000009a4      0x267 F:\Erasmo\Documents\UNI\SE\workspaceSE\stm32f4discovery_hal_lib\Debug\libstm32f4discovery_hal_lib.a(stm32f4_discovery.o)

.debug_aranges  0x00000000      0x3b8
 .debug_aranges
                0x00000000       0x50 src/main.o
 .debug_aranges
                0x00000050       0x20 src/stm32f4xx_it.o
 .debug_aranges
                0x00000070       0x28 src/system_stm32f4xx.o
 .debug_aranges
                0x00000098       0x28 startup/startup_stm32f407xx.o
 .debug_aranges
                0x000000c0       0xc0 F:\Erasmo\Documents\UNI\SE\workspaceSE\stm32f4discovery_hal_lib\Debug\libstm32f4discovery_hal_lib.a(stm32f4xx_hal.o)
 .debug_aranges
                0x00000180      0x108 F:\Erasmo\Documents\UNI\SE\workspaceSE\stm32f4discovery_hal_lib\Debug\libstm32f4discovery_hal_lib.a(stm32f4xx_hal_cortex.o)
 .debug_aranges
                0x00000288       0x58 F:\Erasmo\Documents\UNI\SE\workspaceSE\stm32f4discovery_hal_lib\Debug\libstm32f4discovery_hal_lib.a(stm32f4xx_hal_gpio.o)
 .debug_aranges
                0x000002e0       0xd8 F:\Erasmo\Documents\UNI\SE\workspaceSE\stm32f4discovery_hal_lib\Debug\libstm32f4discovery_hal_lib.a(stm32f4_discovery.o)

.debug_ranges   0x00000000      0x340
 .debug_ranges  0x00000000       0x40 src/main.o
 .debug_ranges  0x00000040       0x10 src/stm32f4xx_it.o
 .debug_ranges  0x00000050       0x18 src/system_stm32f4xx.o
 .debug_ranges  0x00000068       0x20 startup/startup_stm32f407xx.o
 .debug_ranges  0x00000088       0xb0 F:\Erasmo\Documents\UNI\SE\workspaceSE\stm32f4discovery_hal_lib\Debug\libstm32f4discovery_hal_lib.a(stm32f4xx_hal.o)
 .debug_ranges  0x00000138       0xf8 F:\Erasmo\Documents\UNI\SE\workspaceSE\stm32f4discovery_hal_lib\Debug\libstm32f4discovery_hal_lib.a(stm32f4xx_hal_cortex.o)
 .debug_ranges  0x00000230       0x48 F:\Erasmo\Documents\UNI\SE\workspaceSE\stm32f4discovery_hal_lib\Debug\libstm32f4discovery_hal_lib.a(stm32f4xx_hal_gpio.o)
 .debug_ranges  0x00000278       0xc8 F:\Erasmo\Documents\UNI\SE\workspaceSE\stm32f4discovery_hal_lib\Debug\libstm32f4discovery_hal_lib.a(stm32f4_discovery.o)

.debug_macro    0x00000000    0x259c0
 .debug_macro   0x00000000      0x4a6 src/main.o
 .debug_macro   0x000004a6      0x8aa src/main.o
 .debug_macro   0x00000d50       0x2d src/main.o
 .debug_macro   0x00000d7d       0x28 src/main.o
 .debug_macro   0x00000da5       0x22 src/main.o
 .debug_macro   0x00000dc7       0x87 src/main.o
 .debug_macro   0x00000e4e       0x44 src/main.o
 .debug_macro   0x00000e92       0xfd src/main.o
 .debug_macro   0x00000f8f       0x5e src/main.o
 .debug_macro   0x00000fed      0x1df src/main.o
 .debug_macro   0x000011cc       0x35 src/main.o
 .debug_macro   0x00001201       0x50 src/main.o
 .debug_macro   0x00001251      0xe66 src/main.o
 .debug_macro   0x000020b7    0x15d7f src/main.o
 .debug_macro   0x00017e36       0x43 src/main.o
 .debug_macro   0x00017e79      0x252 src/main.o
 .debug_macro   0x000180cb     0x347f src/main.o
 .debug_macro   0x0001b54a       0x52 src/main.o
 .debug_macro   0x0001b59c       0x35 src/main.o
 .debug_macro   0x0001b5d1       0x9c src/main.o
 .debug_macro   0x0001b66d       0x16 src/main.o
 .debug_macro   0x0001b683       0x97 src/main.o
 .debug_macro   0x0001b71a      0x30d src/main.o
 .debug_macro   0x0001ba27       0xfd src/main.o
 .debug_macro   0x0001bb24       0x10 src/main.o
 .debug_macro   0x0001bb34       0x52 src/main.o
 .debug_macro   0x0001bb86       0x1f src/main.o
 .debug_macro   0x0001bba5       0x43 src/main.o
 .debug_macro   0x0001bbe8       0x20 src/main.o
 .debug_macro   0x0001bc08      0x187 src/main.o
 .debug_macro   0x0001bd8f       0x10 src/main.o
 .debug_macro   0x0001bd9f       0x1c src/main.o
 .debug_macro   0x0001bdbb       0x52 src/main.o
 .debug_macro   0x0001be0d       0x40 src/main.o
 .debug_macro   0x0001be4d       0x10 src/main.o
 .debug_macro   0x0001be5d       0x40 src/main.o
 .debug_macro   0x0001be9d       0xd7 src/main.o
 .debug_macro   0x0001bf74       0x16 src/main.o
 .debug_macro   0x0001bf8a      0x18b src/main.o
 .debug_macro   0x0001c115       0x57 src/main.o
 .debug_macro   0x0001c16c      0x964 src/main.o
 .debug_macro   0x0001cad0      0x9e1 src/main.o
 .debug_macro   0x0001d4b1      0x11e src/main.o
 .debug_macro   0x0001d5cf      0x13e src/main.o
 .debug_macro   0x0001d70d       0x27 src/main.o
 .debug_macro   0x0001d734      0x287 src/main.o
 .debug_macro   0x0001d9bb       0x5f src/main.o
 .debug_macro   0x0001da1a      0x23a src/main.o
 .debug_macro   0x0001dc54      0x391 src/main.o
 .debug_macro   0x0001dfe5      0x16f src/main.o
 .debug_macro   0x0001e154       0xf9 src/main.o
 .debug_macro   0x0001e24d      0x36e src/main.o
 .debug_macro   0x0001e5bb       0x23 src/main.o
 .debug_macro   0x0001e5de       0xe6 src/main.o
 .debug_macro   0x0001e6c4       0xa1 src/main.o
 .debug_macro   0x0001e765       0x3c src/main.o
 .debug_macro   0x0001e7a1       0x1f src/main.o
 .debug_macro   0x0001e7c0      0x1cd src/main.o
 .debug_macro   0x0001e98d      0xcd6 src/main.o
 .debug_macro   0x0001f663      0x13a src/main.o
 .debug_macro   0x0001f79d      0x21e src/main.o
 .debug_macro   0x0001f9bb       0x2e src/main.o
 .debug_macro   0x0001f9e9      0x543 src/main.o
 .debug_macro   0x0001ff2c       0x88 src/main.o
 .debug_macro   0x0001ffb4       0xd5 src/main.o
 .debug_macro   0x00020089      0x183 src/main.o
 .debug_macro   0x0002020c      0x1a7 src/main.o
 .debug_macro   0x000203b3       0xa5 src/main.o
 .debug_macro   0x00020458      0x18b src/main.o
 .debug_macro   0x000205e3       0x24 src/main.o
 .debug_macro   0x00020607       0x35 src/main.o
 .debug_macro   0x0002063c       0x79 src/main.o
 .debug_macro   0x000206b5      0x11e src/main.o
 .debug_macro   0x000207d3       0x7f src/main.o
 .debug_macro   0x00020852       0x89 src/main.o
 .debug_macro   0x000208db       0x7e src/main.o
 .debug_macro   0x00020959      0x31a src/main.o
 .debug_macro   0x00020c73      0x409 src/main.o
 .debug_macro   0x0002107c       0xe4 src/main.o
 .debug_macro   0x00021160      0x48d src/main.o
 .debug_macro   0x000215ed      0x22b src/main.o
 .debug_macro   0x00021818      0x202 src/main.o
 .debug_macro   0x00021a1a      0x6d9 src/main.o
 .debug_macro   0x000220f3       0x5b src/main.o
 .debug_macro   0x0002214e      0x14d src/main.o
 .debug_macro   0x0002229b      0x287 src/main.o
 .debug_macro   0x00022522      0x225 src/main.o
 .debug_macro   0x00022747      0x1b5 src/main.o
 .debug_macro   0x000228fc      0x2db src/main.o
 .debug_macro   0x00022bd7       0x89 src/main.o
 .debug_macro   0x00022c60      0x1df src/main.o
 .debug_macro   0x00022e3f      0x115 src/main.o
 .debug_macro   0x00022f54       0x6e src/main.o
 .debug_macro   0x00022fc2      0x125 src/main.o
 .debug_macro   0x000230e7      0x1e8 src/main.o
 .debug_macro   0x000232cf      0x4a3 src/stm32f4xx_it.o
 .debug_macro   0x00023772      0x49f src/system_stm32f4xx.o
 .debug_macro   0x00023c11      0x4f9 F:\Erasmo\Documents\UNI\SE\workspaceSE\stm32f4discovery_hal_lib\Debug\libstm32f4discovery_hal_lib.a(stm32f4xx_hal.o)
 .debug_macro   0x0002410a      0x8a4 F:\Erasmo\Documents\UNI\SE\workspaceSE\stm32f4discovery_hal_lib\Debug\libstm32f4discovery_hal_lib.a(stm32f4xx_hal.o)
 .debug_macro   0x000249ae      0x499 F:\Erasmo\Documents\UNI\SE\workspaceSE\stm32f4discovery_hal_lib\Debug\libstm32f4discovery_hal_lib.a(stm32f4xx_hal_cortex.o)
 .debug_macro   0x00024e47      0x4d1 F:\Erasmo\Documents\UNI\SE\workspaceSE\stm32f4discovery_hal_lib\Debug\libstm32f4discovery_hal_lib.a(stm32f4xx_hal_gpio.o)
 .debug_macro   0x00025318      0x4c6 F:\Erasmo\Documents\UNI\SE\workspaceSE\stm32f4discovery_hal_lib\Debug\libstm32f4discovery_hal_lib.a(stm32f4_discovery.o)
 .debug_macro   0x000257de      0x1e2 F:\Erasmo\Documents\UNI\SE\workspaceSE\stm32f4discovery_hal_lib\Debug\libstm32f4discovery_hal_lib.a(stm32f4_discovery.o)

.debug_line     0x00000000     0x5694
 .debug_line    0x00000000      0xbcc src/main.o
 .debug_line    0x00000bcc      0xb22 src/stm32f4xx_it.o
 .debug_line    0x000016ee      0xb02 src/system_stm32f4xx.o
 .debug_line    0x000021f0       0x7f startup/startup_stm32f407xx.o
 .debug_line    0x0000226f      0xc79 F:\Erasmo\Documents\UNI\SE\workspaceSE\stm32f4discovery_hal_lib\Debug\libstm32f4discovery_hal_lib.a(stm32f4xx_hal.o)
 .debug_line    0x00002ee8      0xdac F:\Erasmo\Documents\UNI\SE\workspaceSE\stm32f4discovery_hal_lib\Debug\libstm32f4discovery_hal_lib.a(stm32f4xx_hal_cortex.o)
 .debug_line    0x00003c94      0xcb7 F:\Erasmo\Documents\UNI\SE\workspaceSE\stm32f4discovery_hal_lib\Debug\libstm32f4discovery_hal_lib.a(stm32f4xx_hal_gpio.o)
 .debug_line    0x0000494b      0xd49 F:\Erasmo\Documents\UNI\SE\workspaceSE\stm32f4discovery_hal_lib\Debug\libstm32f4discovery_hal_lib.a(stm32f4_discovery.o)

.debug_str      0x00000000    0xeb22f
 .debug_str     0x00000000    0xe9aec src/main.o
                              0xe9deb (size before relaxing)
 .debug_str     0x000e9aec       0x38 src/stm32f4xx_it.o
                              0xe8b35 (size before relaxing)
 .debug_str     0x000e9b24      0x1a2 src/system_stm32f4xx.o
                              0xe8cfc (size before relaxing)
 .debug_str     0x000e9cc6      0x5c5 F:\Erasmo\Documents\UNI\SE\workspaceSE\stm32f4discovery_hal_lib\Debug\libstm32f4discovery_hal_lib.a(stm32f4xx_hal.o)
                              0xe975e (size before relaxing)
 .debug_str     0x000ea28b      0x325 F:\Erasmo\Documents\UNI\SE\workspaceSE\stm32f4discovery_hal_lib\Debug\libstm32f4discovery_hal_lib.a(stm32f4xx_hal_cortex.o)
                              0xe953c (size before relaxing)
 .debug_str     0x000ea5b0      0x27d F:\Erasmo\Documents\UNI\SE\workspaceSE\stm32f4discovery_hal_lib\Debug\libstm32f4discovery_hal_lib.a(stm32f4xx_hal_gpio.o)
                              0xe8f6f (size before relaxing)
 .debug_str     0x000ea82d      0xa02 F:\Erasmo\Documents\UNI\SE\workspaceSE\stm32f4discovery_hal_lib\Debug\libstm32f4discovery_hal_lib.a(stm32f4_discovery.o)
                              0xea8df (size before relaxing)

.comment        0x00000000       0x6e
 .comment       0x00000000       0x6e src/main.o
                                 0x6f (size before relaxing)
 .comment       0x0000006e       0x6f src/stm32f4xx_it.o
 .comment       0x0000006e       0x6f src/system_stm32f4xx.o
 .comment       0x0000006e       0x6f F:\Erasmo\Documents\UNI\SE\workspaceSE\stm32f4discovery_hal_lib\Debug\libstm32f4discovery_hal_lib.a(stm32f4xx_hal.o)
 .comment       0x0000006e       0x6f F:\Erasmo\Documents\UNI\SE\workspaceSE\stm32f4discovery_hal_lib\Debug\libstm32f4discovery_hal_lib.a(stm32f4xx_hal_cortex.o)
 .comment       0x0000006e       0x6f F:\Erasmo\Documents\UNI\SE\workspaceSE\stm32f4discovery_hal_lib\Debug\libstm32f4discovery_hal_lib.a(stm32f4xx_hal_gpio.o)
 .comment       0x0000006e       0x6f F:\Erasmo\Documents\UNI\SE\workspaceSE\stm32f4discovery_hal_lib\Debug\libstm32f4discovery_hal_lib.a(stm32f4_discovery.o)

.debug_frame    0x00000000      0xe1c
 .debug_frame   0x00000000       0xe8 src/main.o
 .debug_frame   0x000000e8       0x2c src/stm32f4xx_it.o
 .debug_frame   0x00000114       0x58 src/system_stm32f4xx.o
 .debug_frame   0x0000016c      0x2c0 F:\Erasmo\Documents\UNI\SE\workspaceSE\stm32f4discovery_hal_lib\Debug\libstm32f4discovery_hal_lib.a(stm32f4xx_hal.o)
 .debug_frame   0x0000042c      0x450 F:\Erasmo\Documents\UNI\SE\workspaceSE\stm32f4discovery_hal_lib\Debug\libstm32f4discovery_hal_lib.a(stm32f4xx_hal_cortex.o)
 .debug_frame   0x0000087c      0x14c F:\Erasmo\Documents\UNI\SE\workspaceSE\stm32f4discovery_hal_lib\Debug\libstm32f4discovery_hal_lib.a(stm32f4xx_hal_gpio.o)
 .debug_frame   0x000009c8      0x350 F:\Erasmo\Documents\UNI\SE\workspaceSE\stm32f4discovery_hal_lib\Debug\libstm32f4discovery_hal_lib.a(stm32f4_discovery.o)
 .debug_frame   0x00000d18       0x2c c:/ac6/systemworkbench/plugins/fr.ac6.mcu.externaltools.arm-none.win32_1.13.1.201701261202/tools/compiler/bin/../lib/gcc/arm-none-eabi/5.4.1/../../../../arm-none-eabi/lib/armv7e-m/fpu\libc.a(lib_a-init.o)
 .debug_frame   0x00000d44       0x50 c:/ac6/systemworkbench/plugins/fr.ac6.mcu.externaltools.arm-none.win32_1.13.1.201701261202/tools/compiler/bin/../lib/gcc/arm-none-eabi/5.4.1/../../../../arm-none-eabi/lib/armv7e-m/fpu\libc.a(lib_a-__call_atexit.o)
 .debug_frame   0x00000d94       0x20 c:/ac6/systemworkbench/plugins/fr.ac6.mcu.externaltools.arm-none.win32_1.13.1.201701261202/tools/compiler/bin/../lib/gcc/arm-none-eabi/5.4.1/../../../../arm-none-eabi/lib/armv7e-m/fpu\libc.a(lib_a-atexit.o)
 .debug_frame   0x00000db4       0x34 c:/ac6/systemworkbench/plugins/fr.ac6.mcu.externaltools.arm-none.win32_1.13.1.201701261202/tools/compiler/bin/../lib/gcc/arm-none-eabi/5.4.1/../../../../arm-none-eabi/lib/armv7e-m/fpu\libc.a(lib_a-fini.o)
 .debug_frame   0x00000de8       0x34 c:/ac6/systemworkbench/plugins/fr.ac6.mcu.externaltools.arm-none.win32_1.13.1.201701261202/tools/compiler/bin/../lib/gcc/arm-none-eabi/5.4.1/../../../../arm-none-eabi/lib/armv7e-m/fpu\libc.a(lib_a-__atexit.o)
